// Jest Snapshot v1, https://goo.gl/fbAQLP

exports[`Confirmation-dialog component specs View dialog component with title and text 1`] = `<DocumentFragment />`;
